error: Invalid usage of `#[pallet::constant]`, syntax must be `type $SomeIdent: Get<$SomeType>;`
 --> $DIR/trait_constant_invalid_bound.rs:9:3
  |
9 |         type U;
  |         ^^^^

error: `Get<T>` trait bound not found
 --> $DIR/trait_constant_invalid_bound.rs:1:1
  |
1 | #[frame_support::pallet]
  | ^^^^^^^^^^^^^^^^^^^^^^^^
  |
  = note: this error originates in an attribute macro (in Nightly builds, run with -Z macro-backtrace for more info)
